0
39
../dat/gfx/anothertree16x32.png
../dat/gfx/black32x16.png
../dat/gfx/building128x128.png
../dat/gfx/car64x32.png
../dat/gfx/grass128x64.png
../dat/gfx/grass32x16.png
../dat/gfx/grass64x32.png
../dat/gfx/lowbuilding128x81.png
../dat/gfx/man8x10.png
../dat/gfx/roadbc64x32.png
../dat/gfx/roadcross64x32.png
../dat/gfx/roadcrossbl64x32.png
../dat/gfx/roadcrossbr64x32.png
../dat/gfx/roadcrosstl64x32.png
../dat/gfx/roadcrosstr64x32.png
../dat/gfx/roadlc64x32.png
../dat/gfx/roadlu64x32.png
../dat/gfx/roadrc64x32.png
../dat/gfx/roadru64x32.png
../dat/gfx/roadtc64x32.png
../dat/gfx/subwaysign8x16.png
../dat/gfx/trailbc32x16.png
../dat/gfx/trailbl32x16.png
../dat/gfx/trailbr32x16.png
../dat/gfx/trailc32x16.png
../dat/gfx/trailelu32x16.png
../dat/gfx/traileru32x16.png
../dat/gfx/traillc32x16.png
../dat/gfx/traillu32x16.png
../dat/gfx/traillu64x32.png
../dat/gfx/traillue32x16.png
../dat/gfx/trailrc32x16.png
../dat/gfx/trailru32x16.png
../dat/gfx/trailrue32x16.png
../dat/gfx/trailtc32x16.png
../dat/gfx/trailtl32x16.png
../dat/gfx/trailtr32x16.png
../dat/gfx/tree16x32.png
../dat/gfx/watergrave64x32.png
